// Vitest Snapshot v1, https://vitest.dev/guide/snapshot.html

exports[`route topology > every (sangha, slug) route has a stable section + segment id map 1`] = `
{
  "bodhi-sangha/bodhisattva-vow": {
    "framing": [],
    "purification": [
      "sange-mon",
    ],
    "vow-daily-offerings": [],
    "vow-form-of-universe": [],
    "vow-founders": [],
    "vow-gratitude": [],
    "vow-lotus-on-each-thought": [],
    "vow-pure-land": [],
    "vow-sworn-enemy": [],
  },
  "bodhi-sangha/dedication-and-evening-call": {
    "closing-line": [],
    "dedication": [],
    "dedication-gloss": [],
    "evening-call": [
      "han-gatha",
    ],
  },
  "bodhi-sangha/enmei-jikku-kannon-gyo": {
    "ten-phrases": [
      "kanzeon",
      "namu-butsu",
      "yo-butsu-u-in",
      "yo-butsu-u-en",
      "buppo-so-en",
      "joraku-gajo",
      "cho-nen-kanzeon",
      "bo-nen-kanzeon",
      "nen-nen-ju-shin-ki",
      "nen-nen-fu-ri-shin",
    ],
  },
  "bodhi-sangha/four-great-vows": {
    "four-vows": [
      "vow-1-shujo",
      "vow-2-bonno",
      "vow-3-homon",
      "vow-4-butsudo",
    ],
  },
  "bodhi-sangha/heart-sutra": {
    "bodhi-all-buddhas": [],
    "bodhi-great-mantra": [],
    "bodhi-heart-core": [
      "opening-avalokita",
      "opening-practice",
      "opening-seeing",
      "form-not-different-emptiness",
      "emptiness-not-different-form",
      "form-is-emptiness",
      "emptiness-is-form",
    ],
    "bodhi-heart-middle": [
      "middle-shariputra",
      "middle-all-dharmas-empty",
      "middle-no-arise-no-cease",
      "middle-no-defile-no-pure",
      "middle-no-increase-no-decrease",
      "middle-emptiness-no-form",
      "middle-no-other-skandhas",
      "middle-no-six-faculties",
      "middle-no-six-objects",
      "middle-no-dhatus",
      "middle-no-ignorance",
      "middle-no-aging-death",
      "middle-no-four-truths",
      "middle-no-wisdom-no-attainment",
      "middle-because-no-attainment",
    ],
    "bodhi-heart-result": [
      "result-no-obstruction",
      "result-because-no-obstruction",
      "result-no-fear",
      "result-far-from-inversion",
      "result-ultimate-nirvana",
    ],
    "dharani": [],
  },
  "bodhi-sangha/hokyo-zanmai": {
    "cleary-notes": [],
    "colt-and-rat": [
      "gai-jaku-chū-yō",
      "butsudō-suijō",
    ],
    "framing": [],
    "integration": [
      "tenshin-myo",
      "gō-kotsu-shisa",
    ],
    "jewel-mirror": [
      "i-fuzai-gen",
      "nyo-rin-hōkyō",
      "nyo-fuze-kyo",
    ],
    "teaching-of-thusness": [
      "nyoze-no-hō",
      "ginwan-jōsetsu",
      "rui-shi-fusei",
    ],
    "wooden-man": [
      "boku-jin-hō-ka",
      "sen-gyō-mitsu-yō",
      "tan-nō-sōzoku",
    ],
  },
  "bodhi-sangha/precepts": {
    "framing": [],
    "one-precept": [],
    "precept-1": [],
    "precept-10": [],
    "precept-2": [],
    "precept-3": [],
    "precept-4": [],
    "precept-5": [],
    "precept-6": [],
    "precept-7": [],
    "precept-8": [],
    "precept-9": [],
    "seven-buddhas": [],
    "three-pure": [],
  },
  "bodhi-sangha/shin-jin-no-mei": {
    "closing-note": [],
    "duality-dissolves": [
      "isshin-fushō",
      "nō-zui-kyō-metsu",
    ],
    "framing": [],
    "no-yesterday": [
      "shinjin-fuji",
      "gengo-dōdan",
    ],
    "one-dharma": [
      "hō-mu-i-hō",
    ],
    "opening": [
      "shidō-munan",
      "tan-mo",
      "gouri-yusa",
      "yoku-toku",
      "ijun-sōsō",
    ],
    "rest-and-unrest": [
      "mei-shō-jakuran",
      "mugen-kūge",
      "manbō-ichinyo",
    ],
    "single-way": [
      "isshu-futsū",
      "tagon-tagyo",
      "kikon-tokushi",
    ],
    "trusting-mind": [
      "shinmyō-jishō",
      "shinnyo-hōkai",
      "fuji-kaidō",
    ],
    "unified-mind": [
      "daido-taikan",
      "ninjō-gōdō",
    ],
    "vast-space": [
      "en-dō-taikyō",
      "ryōyū-shusha",
      "maku-chiku-uen",
    ],
  },
  "bodhi-sangha/song-of-zazen": {
    "all-beings": [
      "shujo-honrai",
      "mizu-kori",
      "mizu-hanarete",
      "shujo-no-hoka",
    ],
    "framing": [],
    "praise-of-zazen": [
      "makaen-zenjo",
      "shotan-suru",
      "fuse-jikai",
      "nenbutsu-sange",
      "mina-kono-uchi",
      "ichiza-no-ko",
      "tsumishi-muryo",
      "jodo-tokarazu",
    ],
    "searching-near": [
      "shujo-chikaki",
      "toku-motomuru",
      "tatoeba-mizu",
      "chouja-ie",
    ],
    "self-nature": [
      "jiki-jisho",
      "jisho-musho",
      "muso-no-so",
      "munen-no-nen",
      "utau-mau",
    ],
    "six-worlds": [
      "rokushu-rinne",
      "guchi-yamiji",
      "yamiji-itsuka",
    ],
    "this-very-body": [
      "sanmai-muge",
      "shichi-enmyo",
      "tojo-rengekoku",
      "kono-mi-hotoke",
    ],
  },
  "bodhi-sangha/ti-sarana": {
    "namo-tassa": [
      "namo-tassa-line",
    ],
    "om-shanti": [
      "om-shanti-line",
    ],
    "ti-sarana": [
      "buddha-refuge",
      "dhamma-refuge",
      "sangha-refuge",
    ],
  },
  "bodhi-sangha/way-of-compassion": {
    "om-tat-sat": [],
    "verses": [
      "verse-1",
      "verse-2",
      "verse-3",
      "verse-4",
      "verse-5",
      "verse-6",
      "verse-7",
      "verse-8",
      "verse-9",
      "verse-10",
    ],
  },
  "maple/bodhicitta-dedication": {
    "dedication": [
      "line-1",
      "line-2",
      "line-3",
      "line-4",
    ],
    "framing": [],
  },
  "maple/enmei-jikku-kannon-gyo": {
    "ten-phrases": [
      "line-1-kan-ze-on",
      "line-2-namu-butsu",
      "line-3-yo-butsu-u-in",
      "line-4-yo-butsu-u-en",
      "line-5-buppo-so-en",
      "line-6-jo-raku-ga-jo",
      "line-7-cho-nen-kan-ze-on",
      "line-8-bo-nen-kan-ze-on",
      "line-9-nen-nen-ju-shin-ki",
      "line-10-nen-nen-fu-ri-shin",
    ],
    "title": [
      "title-segment",
    ],
  },
  "maple/heart-sutra": {
    "dharani": [],
    "dharani-japanese-extended": [],
    "heart-buddhas": [
      "buddhas-all-three-times",
      "buddhas-rely-prajna",
      "buddhas-attain-bodhi",
    ],
    "heart-core": [
      "opening-avalokita",
      "opening-practice",
      "opening-seeing",
      "form-not-different-emptiness",
      "emptiness-not-different-form",
      "form-is-emptiness",
      "emptiness-is-form",
    ],
    "heart-great-mantra": [
      "mantra-therefore-know",
      "mantra-great",
      "mantra-great-knowledge",
      "mantra-unsurpassed",
      "mantra-unequaled",
      "mantra-removes-suffering",
      "mantra-true-not-false",
      "mantra-prajna-spoken",
      "mantra-thus-spoken",
    ],
    "heart-middle": [
      "middle-shariputra",
      "middle-all-dharmas-empty",
      "middle-no-arise-no-cease",
      "middle-no-defile-no-pure",
      "middle-no-increase-no-decrease",
      "middle-emptiness-no-form",
      "middle-no-other-skandhas",
      "middle-no-six-faculties",
      "middle-no-six-objects",
      "middle-no-dhatus",
      "middle-no-ignorance",
      "middle-no-aging-death",
      "middle-no-four-truths",
      "middle-no-wisdom-no-attainment",
      "middle-because-no-attainment",
    ],
    "heart-result": [
      "result-no-obstruction",
      "result-because-no-obstruction",
      "result-no-fear",
      "result-far-from-inversion",
      "result-ultimate-nirvana",
    ],
  },
  "maple/jade-method": {
    "orienting-question": [],
    "stage-1": [],
    "stage-2": [],
    "stage-3": [],
    "stage-4": [],
    "stage-5": [],
    "stage-6": [],
    "stage-7": [],
  },
  "maple/metta-sutta": {
    "verses": [
      "v1a-karaniya",
      "v1b-santam-padam",
      "v1c-sakko-uju",
      "v1d-suvaco-mudu",
      "v2a-santussako",
      "v2b-appakicco",
      "v2c-santindriyo",
      "v2d-appagabbho",
      "v3a-na-khuddham",
      "v3b-yena-vinnu",
      "v3c-sukhino-khemino",
      "v3d-sabbe-satta",
      "v4a-ye-keci",
      "v4b-tasa-thavara",
      "v4c-digha-mahanta",
      "v4d-majjhima",
      "v5a-dittha-adittha",
      "v5b-dure-avidure",
      "v5c-bhuta-sambhavesi",
      "v5d-sabbe-satta",
      "v6a-na-paro-param",
      "v6b-natimannetha",
      "v6c-byarosana-patighasanna",
      "v6d-aniccheyya",
      "v7a-mata-yatha",
      "v7b-ayusa-ekaputta",
      "v7c-evampi-sabbabhuta",
      "v7d-manasam-bhavaye",
      "v8a-metta-sabbaloka",
      "v8b-manasam-bhavaye",
      "v8c-uddham-adho",
      "v8d-asambadham-averam",
      "v9a-tittham-caram",
      "v9b-sayano-vigatamiddho",
      "v9c-etam-satim",
      "v9d-brahma-vihara",
      "v10a-ditthi-anupaggamma",
      "v10b-silava-dassanena",
      "v10c-kamesu-vineyya",
      "v10d-na-jatu",
    ],
  },
  "maple/morning-chants": {
    "five-precepts": [
      "precept-1",
      "precept-2",
      "precept-3",
      "precept-4",
      "precept-5",
    ],
    "homage": [
      "homage-1",
    ],
    "ovada-patimokkha": [
      "ovada-1",
      "ovada-2",
      "ovada-3",
      "ovada-4",
    ],
    "three-refuges": [
      "refuge-buddha-1",
      "refuge-dhamma-1",
      "refuge-sangha-1",
      "refuge-buddha-2",
      "refuge-dhamma-2",
      "refuge-sangha-2",
      "refuge-buddha-3",
      "refuge-dhamma-3",
      "refuge-sangha-3",
    ],
  },
  "maple/om-mani-padme-hum": {
    "sanskrit-mantra": [
      "mantra-main",
    ],
  },
  "maple/sho-sai-myo-kichijo-darani": {
    "dharani": [
      "shosai-l1",
      "shosai-l2",
      "shosai-l3",
      "shosai-l4",
      "shosai-l5",
      "shosai-l6",
      "shosai-l7",
      "shosai-l8",
      "shosai-l9",
    ],
  },
  "maple/vows": {
    "four-vows": [
      "vow-1-shujo",
      "vow-2-bonno",
      "vow-3-homon",
      "vow-4-butsudo",
    ],
    "mitakuye-oyasin": [
      "mitakuye-segment",
    ],
  },
}
`;
